// Jest Snapshot v1, https://goo.gl/fbAQLP

exports[`Testing of <GifItem /> Should create a snapshot 1`] = `undefined`;
